QA output created by 020
*** list non-existant file
   *** print attributes
getfattr: <TESTFILE>: No such file or directory
      !!! error return
*** list empty file
   *** print attributes
*** query non-existant attribute
attr_get: No data available
Could not get "nonexistant" for <TESTFILE>
*** one attribute
Attribute "fish" set to a 5 byte value for <TESTFILE>:
fish

   *** print attributes
# file: <TESTFILE>
user.fish="fish\012"

*** replace attribute
Attribute "fish" set to a 6 byte value for <TESTFILE>:
fish3

   *** print attributes
# file: <TESTFILE>
user.fish="fish3\012"

*** add attribute
Attribute "snrub" set to a 6 byte value for <TESTFILE>:
fish2

   *** print attributes
# file: <TESTFILE>
user.fish="fish3\012"
user.snrub="fish2\012"

*** remove attribute
   *** print attributes
# file: <TESTFILE>
user.snrub="fish2\012"

*** add lots of attributes
*** check
   *** MAX_ATTRS attribute(s)
*** remove lots of attributes
   *** print attributes
# file: <TESTFILE>
user.snrub="fish2\012"

*** really long value
0000000 00 00 00 00 00 00 00 00 00 00 00 00 00 00 00 00
*
ATTRSIZE
*** set/get/remove really long names (expect failure)
attr_set: Invalid argument
Could not set "XXXXXXXXXXXXXXXXXXXXXXXXXXXXXXXXXXXXXXXXXXXXXXXXXXXXXXXXXXXXXXXXXXXXXXXXXXXXXXXXXXXXXXXXXXXXXXXXXXXXXXXXXXXXXXXXXXXXXXXXXXXXXXXXXXXXXXXXXXXXXXXXXXXXXXXXXXXXXXXXXXXXXXXXXXXXXXXXXXXXXXXXXXXXXXXXXXXXXXXXXXXXXXXXXXXXXXXXXXXXXXXXXXXXXXXXXXXXXXXXXXXXXXXXXXXXXXXXXXXXXXXXXXXXXXXXXXXXXXXXXXXXXXXXXXXXXXXXXXXX" for <TESTFILE>
attr_get: Invalid argument
Could not get "XXXXXXXXXXXXXXXXXXXXXXXXXXXXXXXXXXXXXXXXXXXXXXXXXXXXXXXXXXXXXXXXXXXXXXXXXXXXXXXXXXXXXXXXXXXXXXXXXXXXXXXXXXXXXXXXXXXXXXXXXXXXXXXXXXXXXXXXXXXXXXXXXXXXXXXXXXXXXXXXXXXXXXXXXXXXXXXXXXXXXXXXXXXXXXXXXXXXXXXXXXXXXXXXXXXXXXXXXXXXXXXXXXXXXXXXXXXXXXXXXXXXXXXXXXXXXXXXXXXXXXXXXXXXXXXXXXXXXXXXXXXXXXXXXXXXXXXXXXXX" for <TESTFILE>
attr_remove: Invalid argument
Could not remove "XXXXXXXXXXXXXXXXXXXXXXXXXXXXXXXXXXXXXXXXXXXXXXXXXXXXXXXXXXXXXXXXXXXXXXXXXXXXXXXXXXXXXXXXXXXXXXXXXXXXXXXXXXXXXXXXXXXXXXXXXXXXXXXXXXXXXXXXXXXXXXXXXXXXXXXXXXXXXXXXXXXXXXXXXXXXXXXXXXXXXXXXXXXXXXXXXXXXXXXXXXXXXXXXXXXXXXXXXXXXXXXXXXXXXXXXXXXXXXXXXXXXXXXXXXXXXXXXXXXXXXXXXXXXXXXXXXXXXXXXXXXXXXXXXXXXXXXXXXXX" for <TESTFILE>
*** check final
   *** print attributes
# file: <TESTFILE>
user.snrub="fish2\012"

*** delete
