QA output created by 113
brevity is wit...

-----------------------------------------------
aio-stress.1 : -s 120m
-----------------------------------------------

-----------------------------------------------
aio-stress.2 : -t 20 -s 10m
-----------------------------------------------

-----------------------------------------------
aio-stress.3 : -t 20 -s 10m -O
-----------------------------------------------

-----------------------------------------------
aio-stress.4 : -t 20 -s 10m -O -S
-----------------------------------------------

-----------------------------------------------
aio-stress.5 : -t 20 -s 10m -O -S -o 2
-----------------------------------------------
