QA output created by 214
=== falloc & read  ===
00000000:  00 00 00 00 00 00 00 00 00 00 00 00 00 00 00 00  ................
*
read 4096/4096 bytes at offset 0
XXX Bytes, X ops; XX:XX:XX.X (XXX YYY/sec and XXX ops/sec)
=== falloc, write beginning, read ===
wrote 1/1 bytes at offset 0
XXX Bytes, X ops; XX:XX:XX.X (XXX YYY/sec and XXX ops/sec)
00000000:  cd 00 00 00 00 00 00 00 00 00 00 00 00 00 00 00  ................
00000010:  00 00 00 00 00 00 00 00 00 00 00 00 00 00 00 00  ................
*
read 512/512 bytes at offset 0
XXX Bytes, X ops; XX:XX:XX.X (XXX YYY/sec and XXX ops/sec)
=== falloc, write middle, read ===
wrote 1/1 bytes at offset 256
XXX Bytes, X ops; XX:XX:XX.X (XXX YYY/sec and XXX ops/sec)
00000000:  00 00 00 00 00 00 00 00 00 00 00 00 00 00 00 00  ................
*
00000100:  cd 00 00 00 00 00 00 00 00 00 00 00 00 00 00 00  ................
00000110:  00 00 00 00 00 00 00 00 00 00 00 00 00 00 00 00  ................
*
read 512/512 bytes at offset 0
XXX Bytes, X ops; XX:XX:XX.X (XXX YYY/sec and XXX ops/sec)
=== falloc, write end, read ===
wrote 1/1 bytes at offset 511
XXX Bytes, X ops; XX:XX:XX.X (XXX YYY/sec and XXX ops/sec)
00000000:  00 00 00 00 00 00 00 00 00 00 00 00 00 00 00 00  ................
*
000001f0:  00 00 00 00 00 00 00 00 00 00 00 00 00 00 00 cd  ................
read 512/512 bytes at offset 0
XXX Bytes, X ops; XX:XX:XX.X (XXX YYY/sec and XXX ops/sec)
=== falloc, write, sync, truncate, read ===
wrote 65536/65536 bytes at offset 73728
XXX Bytes, X ops; XX:XX:XX.X (XXX YYY/sec and XXX ops/sec)
00000000:  00 00 00 00 00 00 00 00 00 00 00 00 00 00 00 00  ................
*
00012000:  aa aa aa aa aa aa aa aa aa aa aa aa aa aa aa aa  ................
*
read 90112/90112 bytes at offset 0
XXX Bytes, X ops; XX:XX:XX.X (XXX YYY/sec and XXX ops/sec)
=== delalloc write 16k; fallocate same range ===
wrote 16384/16384 bytes at offset 0
XXX Bytes, X ops; XX:XX:XX.X (XXX YYY/sec and XXX ops/sec)
=== ext4 testcase 2 ===
wrote 41182/41182 bytes at offset 551917
XXX Bytes, X ops; XX:XX:XX.X (XXX YYY/sec and XXX ops/sec)
wrote 77718/77718 bytes at offset 285771
XXX Bytes, X ops; XX:XX:XX.X (XXX YYY/sec and XXX ops/sec)
wrote 104115/104115 bytes at offset 1136718
XXX Bytes, X ops; XX:XX:XX.X (XXX YYY/sec and XXX ops/sec)
