QA output created by 232

Testing fsstress

seed = S
Comparing user usage
Comparing group usage
