QA output created by 233

Testing fsstress

seed = S
Comparing user usage
Comparing group usage
