QA output created by 259
Trying to make (4 TB - 512) B long xfs fs image
Trying to make (4 TB - 1024) B long xfs fs image
Trying to make (4 TB - 2048) B long xfs fs image
Trying to make (4 TB - 4096) B long xfs fs image
