QA output created by 269

Run fsstress

Run dd writers in parallel
