QA output created by 271
1+0 records in
1+0 records out
1+0 records in
1+0 records out
1+0 records in
1+0 records out
1+0 records in
1+0 records out
1+0 records in
1+0 records out
1+0 records in
1+0 records out
1+0 records in
1+0 records out
1+0 records in
1+0 records out
1+0 records in
1+0 records out
1+0 records in
1+0 records out
1+0 records in
1+0 records out
1+0 records in
1+0 records out
1+0 records in
1+0 records out
1+0 records in
1+0 records out
1+0 records in
1+0 records out
1+0 records in
1+0 records out
1+0 records in
1+0 records out
1+0 records in
1+0 records out
1+0 records in
1+0 records out
1+0 records in
1+0 records out
1+0 records in
1+0 records out
Check filesystem
