QA output created by 272
Switch data journalling mode. Silence is golden.
Check filesystem
