QA output created by 273
------------------------------
start the workload
------------------------------
