QA output created by 274
------------------------------
preallocation test
------------------------------
done
