QA output created by 275
------------------------------
write until ENOSPC test
------------------------------
done
