QA output created by 288
[+] Length is zero (should fail)
fstrim: SCRATCH_MNT: FITRIM ioctl failed: Invalid argument
[+] Length is smaller than block size (should fail)
fstrim: SCRATCH_MNT: FITRIM ioctl failed: Invalid argument
Test done
