QA output created by 289
minix f_blocks is in range
bsd f_blocks is in range
