QA output created by 290
wrote 4096/4096 bytes at offset 0
XXX Bytes, X ops; XX:XX:XX.X (XXX YYY/sec and XXX ops/sec)
wrote 4096/4096 bytes at offset 4096
XXX Bytes, X ops; XX:XX:XX.X (XXX YYY/sec and XXX ops/sec)
00000000:  00 41 41 41 41 41 41 41 41 41 41 41 41 41 41 41  .AAAAAAAAAAAAAAA
00000010:  41 41 41 41 41 41 41 41 41 41 41 41 41 41 41 41  AAAAAAAAAAAAAAAA
*
00001000:  42 42 42 42 42 42 42 42 42 42 42 42 42 42 42 42  BBBBBBBBBBBBBBBB
*
read 8192/8192 bytes at offset 0
XXX Bytes, X ops; XX:XX:XX.X (XXX YYY/sec and XXX ops/sec)
wrote 4096/4096 bytes at offset 0
XXX Bytes, X ops; XX:XX:XX.X (XXX YYY/sec and XXX ops/sec)
wrote 4096/4096 bytes at offset 4096
XXX Bytes, X ops; XX:XX:XX.X (XXX YYY/sec and XXX ops/sec)
00000000:  00 00 00 00 00 00 00 00 00 00 00 00 00 00 00 00  ................
*
00000ff0:  00 00 00 00 00 00 00 00 00 00 00 00 00 00 00 41  ...............A
00001000:  42 42 42 42 42 42 42 42 42 42 42 42 42 42 42 42  BBBBBBBBBBBBBBBB
*
read 8192/8192 bytes at offset 0
XXX Bytes, X ops; XX:XX:XX.X (XXX YYY/sec and XXX ops/sec)
wrote 4096/4096 bytes at offset 0
XXX Bytes, X ops; XX:XX:XX.X (XXX YYY/sec and XXX ops/sec)
wrote 4096/4096 bytes at offset 4096
XXX Bytes, X ops; XX:XX:XX.X (XXX YYY/sec and XXX ops/sec)
00000000:  00 00 00 00 00 00 00 00 00 00 00 00 00 00 00 00  ................
*
00001000:  42 42 42 42 42 42 42 42 42 42 42 42 42 42 42 42  BBBBBBBBBBBBBBBB
*
read 8192/8192 bytes at offset 0
XXX Bytes, X ops; XX:XX:XX.X (XXX YYY/sec and XXX ops/sec)
wrote 4096/4096 bytes at offset 0
XXX Bytes, X ops; XX:XX:XX.X (XXX YYY/sec and XXX ops/sec)
wrote 4096/4096 bytes at offset 4096
XXX Bytes, X ops; XX:XX:XX.X (XXX YYY/sec and XXX ops/sec)
00000000:  00 00 00 00 00 00 00 00 00 00 00 00 00 00 00 00  ................
*
00001000:  00 42 42 42 42 42 42 42 42 42 42 42 42 42 42 42  .BBBBBBBBBBBBBBB
00001010:  42 42 42 42 42 42 42 42 42 42 42 42 42 42 42 42  BBBBBBBBBBBBBBBB
*
read 8192/8192 bytes at offset 0
XXX Bytes, X ops; XX:XX:XX.X (XXX YYY/sec and XXX ops/sec)
wrote 4096/4096 bytes at offset 0
XXX Bytes, X ops; XX:XX:XX.X (XXX YYY/sec and XXX ops/sec)
wrote 4096/4096 bytes at offset 4096
XXX Bytes, X ops; XX:XX:XX.X (XXX YYY/sec and XXX ops/sec)
00000000:  41 41 41 41 41 41 41 41 41 41 41 41 41 41 41 41  AAAAAAAAAAAAAAAA
*
00000ff0:  41 41 41 41 41 41 41 41 41 41 41 41 41 41 41 00  AAAAAAAAAAAAAAA.
00001000:  00 00 00 00 00 00 00 00 00 00 00 00 00 00 00 00  ................
*
00001ff0:  00 00 00 00 00 00 00 00 00 00 00 00 00 00 00 42  ...............B
read 8192/8192 bytes at offset 0
XXX Bytes, X ops; XX:XX:XX.X (XXX YYY/sec and XXX ops/sec)
wrote 4096/4096 bytes at offset 0
XXX Bytes, X ops; XX:XX:XX.X (XXX YYY/sec and XXX ops/sec)
wrote 4096/4096 bytes at offset 4096
XXX Bytes, X ops; XX:XX:XX.X (XXX YYY/sec and XXX ops/sec)
00000000:  41 41 41 41 41 41 41 41 41 41 41 41 41 41 41 41  AAAAAAAAAAAAAAAA
*
00000ff0:  41 41 41 41 41 41 41 41 41 41 41 41 41 41 41 00  AAAAAAAAAAAAAAA.
00001000:  00 00 00 00 00 00 00 00 00 00 00 00 00 00 00 00  ................
*
read 8192/8192 bytes at offset 0
XXX Bytes, X ops; XX:XX:XX.X (XXX YYY/sec and XXX ops/sec)
wrote 4096/4096 bytes at offset 0
XXX Bytes, X ops; XX:XX:XX.X (XXX YYY/sec and XXX ops/sec)
wrote 4096/4096 bytes at offset 4096
XXX Bytes, X ops; XX:XX:XX.X (XXX YYY/sec and XXX ops/sec)
00000000:  41 41 41 41 41 41 41 41 41 41 41 41 41 41 41 41  AAAAAAAAAAAAAAAA
*
00000ff0:  41 41 41 41 41 41 41 41 41 41 41 41 41 41 41 00  AAAAAAAAAAAAAAA.
00001000:  00 00 00 00 00 00 00 00 00 00 00 00 00 00 00 00  ................
*
read 8192/8192 bytes at offset 0
XXX Bytes, X ops; XX:XX:XX.X (XXX YYY/sec and XXX ops/sec)
wrote 4096/4096 bytes at offset 0
XXX Bytes, X ops; XX:XX:XX.X (XXX YYY/sec and XXX ops/sec)
wrote 4096/4096 bytes at offset 4096
XXX Bytes, X ops; XX:XX:XX.X (XXX YYY/sec and XXX ops/sec)
00000000:  41 41 41 41 41 41 41 41 41 41 41 41 41 41 41 41  AAAAAAAAAAAAAAAA
*
00001000:  00 00 00 00 00 00 00 00 00 00 00 00 00 00 00 00  ................
*
read 8192/8192 bytes at offset 0
XXX Bytes, X ops; XX:XX:XX.X (XXX YYY/sec and XXX ops/sec)
wrote 4096/4096 bytes at offset 0
XXX Bytes, X ops; XX:XX:XX.X (XXX YYY/sec and XXX ops/sec)
wrote 4096/4096 bytes at offset 4096
XXX Bytes, X ops; XX:XX:XX.X (XXX YYY/sec and XXX ops/sec)
00000000:  41 41 41 41 41 41 41 41 41 41 41 41 41 41 41 41  AAAAAAAAAAAAAAAA
*
00000400:  00 00 00 00 00 00 00 00 00 00 00 00 00 00 00 00  ................
*
00001400:  42 42 42 42 42 42 42 42 42 42 42 42 42 42 42 42  BBBBBBBBBBBBBBBB
*
read 8192/8192 bytes at offset 0
XXX Bytes, X ops; XX:XX:XX.X (XXX YYY/sec and XXX ops/sec)
