QA output created by 292
mkfs.xfs without geometry
meta-data=FILENAME   isize=256    agcount=4, agsize=16777216 blks
mkfs.xfs with cmdline geometry
meta-data=FILENAME   isize=256    agcount=16, agsize=4194304 blks
