QA output created by 294
mknod: 'SCRATCH_MNT/294.test/testnode': File exists
mkdir: cannot create directory 'SCRATCH_MNT/294.test/testdir': File exists
touch: cannot touch 'SCRATCH_MNT/294.test/testtarget': Read-only file system
ln: creating symbolic link 'SCRATCH_MNT/294.test/testlink': File exists
