QA output created by 297
Start freeze/unfreeze randomly
Test done
