QA output created by 298
Testing symlink size 32
core.nextents = 0
Testing symlink size 64
core.nextents = 0
Testing symlink size 96
core.nextents = 0
Testing symlink size 128
core.nextents = 0
Testing symlink size 160
core.nextents = 0
Testing symlink size 192
core.nextents = 0
Testing symlink size 224
core.nextents = 0
Testing symlink size 256
core.nextents = 0
Testing symlink size 288
core.nextents = 0
Testing symlink size 320
core.nextents = 0
Testing symlink size 352
core.nextents = 0
Testing symlink size 384
core.nextents = 0
Testing symlink size 416
core.nextents = 0
Testing symlink size 448
core.nextents = 0
Testing symlink size 480
core.nextents = 0
Testing symlink size 512
core.nextents = 0
Testing symlink size 544
core.nextents = 0
Testing symlink size 576
core.nextents = 0
Testing symlink size 608
core.nextents = 0
Testing symlink size 640
core.nextents = 0
Testing symlink size 672
core.nextents = 0
Testing symlink size 704
core.nextents = 0
Testing symlink size 736
core.nextents = 0
Testing symlink size 768
core.nextents = 0
Testing symlink size 800
core.nextents = 0
Testing symlink size 832
core.nextents = 0
Testing symlink size 864
core.nextents = 0
Testing symlink size 896
core.nextents = 0
Testing symlink size 928
core.nextents = 0
Testing symlink size 960
core.nextents = 0
Testing symlink size 992
core.nextents = 0
