QA output created by 299
meta-data=DDEV isize=XXX agcount=N, agsize=XXX blks
data     = bsize=XXX blocks=XXX, imaxpct=PCT
         = sunit=XXX swidth=XXX, unwritten=X
naming   =VERN bsize=XXX
log      =LDEV bsize=XXX blocks=XXX
realtime =RDEV extsz=XXX blocks=XXX, rtextents=XXX
5
*** user, group, and project

*** report no quota settings
[ROOT] 0 0 0 00 [--------] 3 0 0 00 [--------] 0 0 0 00 [--------]

*** report initial settings
[ROOT] 0 0 0 00 [--------] 3 0 0 00 [--------] 0 0 0 00 [--------]
[NAME] 0 100 500 00 [--------] 1 4 10 00 [--------] 0 0 0 00 [--------]

*** push past the soft inode limit
[ROOT] 0 0 0 00 [--------] 3 0 0 00 [--------] 0 0 0 00 [--------]
[NAME] 0 100 500 00 [--------] 3 4 10 00 [--------] 0 0 0 00 [--------]

*** push past the soft block limit
[ROOT] 0 0 0 00 [--------] 3 0 0 00 [--------] 0 0 0 00 [--------]
[NAME] 140 100 500 00 [7 days] 4 4 10 00 [--------] 0 0 0 00 [--------]

*** push past the hard inode limit (expect EDQUOT)
[ROOT] 0 0 0 00 [--------] 3 0 0 00 [--------] 0 0 0 00 [--------]
[NAME] 140 100 500 00 [7 days] 9 4 10 00 [7 days] 0 0 0 00 [--------]

*** push past the hard block limit (expect EDQUOT)
[ROOT] 0 0 0 00 [--------] 3 0 0 00 [--------] 0 0 0 00 [--------]
[NAME] =OK= 100 500 00 [7 days] 9 4 10 00 [7 days] 0 0 0 00 [--------]


*** report no quota settings
[ROOT] 0 0 0 00 [--------] 12 0 0 00 [--------] 0 0 0 00 [--------]

*** report initial settings
[ROOT] 0 0 0 00 [--------] 12 0 0 00 [--------] 0 0 0 00 [--------]
[NAME] 0 100 500 00 [--------] 0 4 10 00 [--------] 0 0 0 00 [--------]

*** push past the soft inode limit
[ROOT] 0 0 0 00 [--------] 12 0 0 00 [--------] 0 0 0 00 [--------]
[NAME] 0 100 500 00 [--------] 0 4 10 00 [--------] 0 0 0 00 [--------]

*** push past the soft block limit
[ROOT] 0 0 0 00 [--------] 12 0 0 00 [--------] 0 0 0 00 [--------]
[NAME] 0 100 500 00 [--------] 0 4 10 00 [--------] 0 0 0 00 [--------]

*** push past the hard inode limit (expect EDQUOT)
[ROOT] 0 0 0 00 [--------] 12 0 0 00 [--------] 0 0 0 00 [--------]
[NAME] 0 100 500 00 [--------] 7 4 10 00 [7 days] 0 0 0 00 [--------]

*** push past the hard block limit (expect EDQUOT)
[ROOT] 0 0 0 00 [--------] 12 0 0 00 [--------] 0 0 0 00 [--------]
[NAME] =OK= 100 500 00 [--------] 7 4 10 00 [7 days] 0 0 0 00 [--------]
 URK 99: 0 is out of range! [425,500]


*** report no quota settings
[ROOT] 0 0 0 00 [--------] 10 0 0 00 [--------] 0 0 0 00 [--------]
#1 500 0 0 00 [--------] 9 0 0 00 [--------] 0 0 0 00 [--------]

*** report initial settings
[ROOT] 0 0 0 00 [--------] 10 0 0 00 [--------] 0 0 0 00 [--------]
[NAME] 0 100 500 00 [--------] 0 4 10 00 [--------] 0 0 0 00 [--------]
#1 500 0 0 00 [--------] 9 0 0 00 [--------] 0 0 0 00 [--------]

*** push past the soft inode limit
[ROOT] 0 0 0 00 [--------] 10 0 0 00 [--------] 0 0 0 00 [--------]
[NAME] 0 100 500 00 [--------] 0 4 10 00 [--------] 0 0 0 00 [--------]
#1 500 0 0 00 [--------] 9 0 0 00 [--------] 0 0 0 00 [--------]

*** push past the soft block limit
[ROOT] 0 0 0 00 [--------] 10 0 0 00 [--------] 0 0 0 00 [--------]
[NAME] 0 100 500 00 [--------] 0 4 10 00 [--------] 0 0 0 00 [--------]
#1 500 0 0 00 [--------] 9 0 0 00 [--------] 0 0 0 00 [--------]

*** push past the hard inode limit (expect EDQUOT)
[ROOT] 0 0 0 00 [--------] 10 0 0 00 [--------] 0 0 0 00 [--------]
[NAME] 0 100 500 00 [--------] 0 4 10 00 [--------] 0 0 0 00 [--------]
#1 500 0 0 00 [--------] 9 0 0 00 [--------] 0 0 0 00 [--------]

*** push past the hard block limit (expect EDQUOT)
[ROOT] 0 0 0 00 [--------] 10 0 0 00 [--------] 0 0 0 00 [--------]
[NAME] =OK= 100 500 00 [--------] 0 4 10 00 [--------] 0 0 0 00 [--------]
#1 500 0 0 00 [--------] 9 0 0 00 [--------] 0 0 0 00 [--------]
 URK 99: 0 is out of range! [425,500]

*** unmount
meta-data=DDEV isize=XXX agcount=N, agsize=XXX blks
data     = bsize=XXX blocks=XXX, imaxpct=PCT
         = sunit=XXX swidth=XXX, unwritten=X
naming   =VERN bsize=XXX
log      =LDEV bsize=XXX blocks=XXX
realtime =RDEV extsz=XXX blocks=XXX, rtextents=XXX
*** uqnoenforce, gqnoenforce, and pqnoenforce

*** report no quota settings
[ROOT] 0 0 0 00 [--------] 3 0 0 00 [--------] 0 0 0 00 [--------]

*** report initial settings
[ROOT] 0 0 0 00 [--------] 3 0 0 00 [--------] 0 0 0 00 [--------]
[NAME] 0 100 500 00 [--------] 1 4 10 00 [--------] 0 0 0 00 [--------]

*** push past the soft inode limit
[ROOT] 0 0 0 00 [--------] 3 0 0 00 [--------] 0 0 0 00 [--------]
[NAME] 0 100 500 00 [--------] 3 4 10 00 [--------] 0 0 0 00 [--------]

*** push past the soft block limit
[ROOT] 0 0 0 00 [--------] 3 0 0 00 [--------] 0 0 0 00 [--------]
[NAME] 140 100 500 00 [--------] 4 4 10 00 [--------] 0 0 0 00 [--------]

*** push past the hard inode limit (expect EDQUOT)
[ROOT] 0 0 0 00 [--------] 3 0 0 00 [--------] 0 0 0 00 [--------]
[NAME] 140 100 500 00 [--------] 16 4 10 00 [--none--] 0 0 0 00 [--------]

*** push past the hard block limit (expect EDQUOT)
[ROOT] 0 0 0 00 [--------] 3 0 0 00 [--------] 0 0 0 00 [--------]
[NAME] 540 100 500 00 [--none--] 16 4 10 00 [--none--] 0 0 0 00 [--------]


*** report no quota settings
[ROOT] 0 0 0 00 [--------] 19 0 0 00 [--------] 0 0 0 00 [--------]

*** report initial settings
[ROOT] 0 0 0 00 [--------] 19 0 0 00 [--------] 0 0 0 00 [--------]
[NAME] 0 100 500 00 [--------] 0 4 10 00 [--------] 0 0 0 00 [--------]

*** push past the soft inode limit
[ROOT] 0 0 0 00 [--------] 19 0 0 00 [--------] 0 0 0 00 [--------]
[NAME] 0 100 500 00 [--------] 0 4 10 00 [--------] 0 0 0 00 [--------]

*** push past the soft block limit
[ROOT] 0 0 0 00 [--------] 19 0 0 00 [--------] 0 0 0 00 [--------]
[NAME] 0 100 500 00 [--------] 0 4 10 00 [--------] 0 0 0 00 [--------]

*** push past the hard inode limit (expect EDQUOT)
[ROOT] 0 0 0 00 [--------] 19 0 0 00 [--------] 0 0 0 00 [--------]
[NAME] 0 100 500 00 [--------] 0 4 10 00 [--------] 0 0 0 00 [--------]

*** push past the hard block limit (expect EDQUOT)
[ROOT] 0 0 0 00 [--------] 19 0 0 00 [--------] 0 0 0 00 [--------]
[NAME] 0 100 500 00 [--------] 0 4 10 00 [--------] 0 0 0 00 [--------]


*** report no quota settings
[ROOT] 0 0 0 00 [--------] 19 0 0 00 [--------] 0 0 0 00 [--------]

*** report initial settings
[ROOT] 0 0 0 00 [--------] 19 0 0 00 [--------] 0 0 0 00 [--------]
[NAME] 0 100 500 00 [--------] 0 4 10 00 [--------] 0 0 0 00 [--------]

*** push past the soft inode limit
[ROOT] 0 0 0 00 [--------] 19 0 0 00 [--------] 0 0 0 00 [--------]
[NAME] 0 100 500 00 [--------] 0 4 10 00 [--------] 0 0 0 00 [--------]

*** push past the soft block limit
[ROOT] 0 0 0 00 [--------] 19 0 0 00 [--------] 0 0 0 00 [--------]
[NAME] 0 100 500 00 [--------] 0 4 10 00 [--------] 0 0 0 00 [--------]

*** push past the hard inode limit (expect EDQUOT)
[ROOT] 0 0 0 00 [--------] 19 0 0 00 [--------] 0 0 0 00 [--------]
[NAME] 0 100 500 00 [--------] 0 4 10 00 [--------] 0 0 0 00 [--------]

*** push past the hard block limit (expect EDQUOT)
[ROOT] 0 0 0 00 [--------] 19 0 0 00 [--------] 0 0 0 00 [--------]
[NAME] 0 100 500 00 [--------] 0 4 10 00 [--------] 0 0 0 00 [--------]

*** unmount
