QA output created by 300
SCRATCH_MNT/300.test
extents before:6 after:1 DONE SCRATCH_MNT/300.test
