QA output created by 304

 Start defragment activity

