QA output created by 305
Allow global fail_make_request feature

Start fsstress..

Start fio..
Force SCRATCH_DEV device failure
Make SCRATCH_DEV device operable again
Disallow global fail_make_request feature
