QA output created by 311
Running test 1 buffered, normal suspend
Random seed is 1
ee6103415276cde95544b11b2675f132
ee6103415276cde95544b11b2675f132
Running test 1 direct, normal suspend
Random seed is 1
ee6103415276cde95544b11b2675f132
ee6103415276cde95544b11b2675f132
Running test 1 buffered, nolockfs
Random seed is 1
ee6103415276cde95544b11b2675f132
ee6103415276cde95544b11b2675f132
Running test 1 direct, nolockfs
Random seed is 1
ee6103415276cde95544b11b2675f132
ee6103415276cde95544b11b2675f132
Running test 2 buffered, normal suspend
Random seed is 2
42d4a277a0a64deff214f15bb932a6e6
42d4a277a0a64deff214f15bb932a6e6
Running test 2 direct, normal suspend
Random seed is 2
42d4a277a0a64deff214f15bb932a6e6
42d4a277a0a64deff214f15bb932a6e6
Running test 2 buffered, nolockfs
Random seed is 2
42d4a277a0a64deff214f15bb932a6e6
42d4a277a0a64deff214f15bb932a6e6
Running test 2 direct, nolockfs
Random seed is 2
42d4a277a0a64deff214f15bb932a6e6
42d4a277a0a64deff214f15bb932a6e6
Running test 3 buffered, normal suspend
Random seed is 3
076dcf77aa365c8dfe567d973cad207a
076dcf77aa365c8dfe567d973cad207a
Running test 3 direct, normal suspend
Random seed is 3
076dcf77aa365c8dfe567d973cad207a
076dcf77aa365c8dfe567d973cad207a
Running test 3 buffered, nolockfs
Random seed is 3
076dcf77aa365c8dfe567d973cad207a
076dcf77aa365c8dfe567d973cad207a
Running test 3 direct, nolockfs
Random seed is 3
076dcf77aa365c8dfe567d973cad207a
076dcf77aa365c8dfe567d973cad207a
Running test 4 buffered, normal suspend
Random seed is 4
4c76ca100e40574a32f98b520d2e210d
4c76ca100e40574a32f98b520d2e210d
Running test 4 direct, normal suspend
Random seed is 4
4c76ca100e40574a32f98b520d2e210d
4c76ca100e40574a32f98b520d2e210d
Running test 4 buffered, nolockfs
Random seed is 4
4c76ca100e40574a32f98b520d2e210d
4c76ca100e40574a32f98b520d2e210d
Running test 4 direct, nolockfs
Random seed is 4
4c76ca100e40574a32f98b520d2e210d
4c76ca100e40574a32f98b520d2e210d
Running test 5 buffered, normal suspend
Random seed is 5
c79cdc2af7d4a18af401a919f7c21f20
c79cdc2af7d4a18af401a919f7c21f20
Running test 5 direct, normal suspend
Random seed is 5
c79cdc2af7d4a18af401a919f7c21f20
c79cdc2af7d4a18af401a919f7c21f20
Running test 5 buffered, nolockfs
Random seed is 5
c79cdc2af7d4a18af401a919f7c21f20
c79cdc2af7d4a18af401a919f7c21f20
Running test 5 direct, nolockfs
Random seed is 5
c79cdc2af7d4a18af401a919f7c21f20
c79cdc2af7d4a18af401a919f7c21f20
Running test 6 buffered, normal suspend
Random seed is 6
02d28dd2bbd4be579fea4128e7804dda
02d28dd2bbd4be579fea4128e7804dda
Running test 6 direct, normal suspend
Random seed is 6
02d28dd2bbd4be579fea4128e7804dda
02d28dd2bbd4be579fea4128e7804dda
Running test 6 buffered, nolockfs
Random seed is 6
02d28dd2bbd4be579fea4128e7804dda
02d28dd2bbd4be579fea4128e7804dda
Running test 6 direct, nolockfs
Random seed is 6
02d28dd2bbd4be579fea4128e7804dda
02d28dd2bbd4be579fea4128e7804dda
Running test 7 buffered, normal suspend
Random seed is 7
15b0f93f2f12c3feb34024af345adc21
15b0f93f2f12c3feb34024af345adc21
Running test 7 direct, normal suspend
Random seed is 7
15b0f93f2f12c3feb34024af345adc21
15b0f93f2f12c3feb34024af345adc21
Running test 7 buffered, nolockfs
Random seed is 7
15b0f93f2f12c3feb34024af345adc21
15b0f93f2f12c3feb34024af345adc21
Running test 7 direct, nolockfs
Random seed is 7
15b0f93f2f12c3feb34024af345adc21
15b0f93f2f12c3feb34024af345adc21
Running test 8 buffered, normal suspend
Random seed is 8
77bad17366ceaa24f538c915345aeb02
77bad17366ceaa24f538c915345aeb02
Running test 8 direct, normal suspend
Random seed is 8
77bad17366ceaa24f538c915345aeb02
77bad17366ceaa24f538c915345aeb02
Running test 8 buffered, nolockfs
Random seed is 8
77bad17366ceaa24f538c915345aeb02
77bad17366ceaa24f538c915345aeb02
Running test 8 direct, nolockfs
Random seed is 8
77bad17366ceaa24f538c915345aeb02
77bad17366ceaa24f538c915345aeb02
Running test 9 buffered, normal suspend
Random seed is 9
c989c34943ff1b1115d582d8cb7afa0d
c989c34943ff1b1115d582d8cb7afa0d
Running test 9 direct, normal suspend
Random seed is 9
c989c34943ff1b1115d582d8cb7afa0d
c989c34943ff1b1115d582d8cb7afa0d
Running test 9 buffered, nolockfs
Random seed is 9
c989c34943ff1b1115d582d8cb7afa0d
c989c34943ff1b1115d582d8cb7afa0d
Running test 9 direct, nolockfs
Random seed is 9
c989c34943ff1b1115d582d8cb7afa0d
c989c34943ff1b1115d582d8cb7afa0d
Running test 10 buffered, normal suspend
Random seed is 10
d76096280f08ca8907dfd53c102b3987
d76096280f08ca8907dfd53c102b3987
Running test 10 direct, normal suspend
Random seed is 10
d76096280f08ca8907dfd53c102b3987
d76096280f08ca8907dfd53c102b3987
Running test 10 buffered, nolockfs
Random seed is 10
d76096280f08ca8907dfd53c102b3987
d76096280f08ca8907dfd53c102b3987
Running test 10 direct, nolockfs
Random seed is 10
d76096280f08ca8907dfd53c102b3987
d76096280f08ca8907dfd53c102b3987
Running test 11 buffered, normal suspend
Random seed is 11
1144c9b3147873328cf4e81d066cd3da
1144c9b3147873328cf4e81d066cd3da
Running test 11 direct, normal suspend
Random seed is 11
1144c9b3147873328cf4e81d066cd3da
1144c9b3147873328cf4e81d066cd3da
Running test 11 buffered, nolockfs
Random seed is 11
1144c9b3147873328cf4e81d066cd3da
1144c9b3147873328cf4e81d066cd3da
Running test 11 direct, nolockfs
Random seed is 11
1144c9b3147873328cf4e81d066cd3da
1144c9b3147873328cf4e81d066cd3da
Running test 12 buffered, normal suspend
Random seed is 12
ae31d41d825b392bdd6b2453e05ad02e
ae31d41d825b392bdd6b2453e05ad02e
Running test 12 direct, normal suspend
Random seed is 12
ae31d41d825b392bdd6b2453e05ad02e
ae31d41d825b392bdd6b2453e05ad02e
Running test 12 buffered, nolockfs
Random seed is 12
ae31d41d825b392bdd6b2453e05ad02e
ae31d41d825b392bdd6b2453e05ad02e
Running test 12 direct, nolockfs
Random seed is 12
ae31d41d825b392bdd6b2453e05ad02e
ae31d41d825b392bdd6b2453e05ad02e
Running test 13 buffered, normal suspend
Random seed is 13
63f0ccfc767186236f887e5b25466e7d
63f0ccfc767186236f887e5b25466e7d
Running test 13 direct, normal suspend
Random seed is 13
63f0ccfc767186236f887e5b25466e7d
63f0ccfc767186236f887e5b25466e7d
Running test 13 buffered, nolockfs
Random seed is 13
63f0ccfc767186236f887e5b25466e7d
63f0ccfc767186236f887e5b25466e7d
Running test 13 direct, nolockfs
Random seed is 13
63f0ccfc767186236f887e5b25466e7d
63f0ccfc767186236f887e5b25466e7d
Running test 14 buffered, normal suspend
Random seed is 14
9085b05b3af61c8ce63430219d4a72d1
9085b05b3af61c8ce63430219d4a72d1
Running test 14 direct, normal suspend
Random seed is 14
9085b05b3af61c8ce63430219d4a72d1
9085b05b3af61c8ce63430219d4a72d1
Running test 14 buffered, nolockfs
Random seed is 14
9085b05b3af61c8ce63430219d4a72d1
9085b05b3af61c8ce63430219d4a72d1
Running test 14 direct, nolockfs
Random seed is 14
9085b05b3af61c8ce63430219d4a72d1
9085b05b3af61c8ce63430219d4a72d1
Running test 15 buffered, normal suspend
Random seed is 15
bda67622d5430b65c60d3d929949dbd8
bda67622d5430b65c60d3d929949dbd8
Running test 15 direct, normal suspend
Random seed is 15
bda67622d5430b65c60d3d929949dbd8
bda67622d5430b65c60d3d929949dbd8
Running test 15 buffered, nolockfs
Random seed is 15
bda67622d5430b65c60d3d929949dbd8
bda67622d5430b65c60d3d929949dbd8
Running test 15 direct, nolockfs
Random seed is 15
bda67622d5430b65c60d3d929949dbd8
bda67622d5430b65c60d3d929949dbd8
Running test 16 buffered, normal suspend
Random seed is 16
840e068eb58a9b68d31d6f8addc5b5dd
840e068eb58a9b68d31d6f8addc5b5dd
Running test 16 direct, normal suspend
Random seed is 16
840e068eb58a9b68d31d6f8addc5b5dd
840e068eb58a9b68d31d6f8addc5b5dd
Running test 16 buffered, nolockfs
Random seed is 16
840e068eb58a9b68d31d6f8addc5b5dd
840e068eb58a9b68d31d6f8addc5b5dd
Running test 16 direct, nolockfs
Random seed is 16
840e068eb58a9b68d31d6f8addc5b5dd
840e068eb58a9b68d31d6f8addc5b5dd
Running test 17 buffered, normal suspend
Random seed is 17
9d2d33931de2bb1fb07ee67a7daea6e8
9d2d33931de2bb1fb07ee67a7daea6e8
Running test 17 direct, normal suspend
Random seed is 17
9d2d33931de2bb1fb07ee67a7daea6e8
9d2d33931de2bb1fb07ee67a7daea6e8
Running test 17 buffered, nolockfs
Random seed is 17
9d2d33931de2bb1fb07ee67a7daea6e8
9d2d33931de2bb1fb07ee67a7daea6e8
Running test 17 direct, nolockfs
Random seed is 17
9d2d33931de2bb1fb07ee67a7daea6e8
9d2d33931de2bb1fb07ee67a7daea6e8
Running test 18 buffered, normal suspend
Random seed is 18
4bf90f24854b21e314924996bd7ec39e
4bf90f24854b21e314924996bd7ec39e
Running test 18 direct, normal suspend
Random seed is 18
4bf90f24854b21e314924996bd7ec39e
4bf90f24854b21e314924996bd7ec39e
Running test 18 buffered, nolockfs
Random seed is 18
4bf90f24854b21e314924996bd7ec39e
4bf90f24854b21e314924996bd7ec39e
Running test 18 direct, nolockfs
Random seed is 18
4bf90f24854b21e314924996bd7ec39e
4bf90f24854b21e314924996bd7ec39e
Running test 19 buffered, normal suspend
Random seed is 19
26b2ad08ac2589804a15ceb473f0b1ac
26b2ad08ac2589804a15ceb473f0b1ac
Running test 19 direct, normal suspend
Random seed is 19
26b2ad08ac2589804a15ceb473f0b1ac
26b2ad08ac2589804a15ceb473f0b1ac
Running test 19 buffered, nolockfs
Random seed is 19
26b2ad08ac2589804a15ceb473f0b1ac
26b2ad08ac2589804a15ceb473f0b1ac
Running test 19 direct, nolockfs
Random seed is 19
26b2ad08ac2589804a15ceb473f0b1ac
26b2ad08ac2589804a15ceb473f0b1ac
Running test 20 buffered, normal suspend
Random seed is 20
a16ac2b84456d41a15a1a4cc1202179f
a16ac2b84456d41a15a1a4cc1202179f
Running test 20 direct, normal suspend
Random seed is 20
a16ac2b84456d41a15a1a4cc1202179f
a16ac2b84456d41a15a1a4cc1202179f
Running test 20 buffered, nolockfs
Random seed is 20
a16ac2b84456d41a15a1a4cc1202179f
a16ac2b84456d41a15a1a4cc1202179f
Running test 20 direct, nolockfs
Random seed is 20
a16ac2b84456d41a15a1a4cc1202179f
a16ac2b84456d41a15a1a4cc1202179f
