QA output created by 314
drwxr-sr-x subdir
drwxrwsr-x+ subdir2
