QA output created by 317
From init_user_ns
  File: "$SCRATCH_MNT/file1"
  Size: 0            Filetype: Regular File
  Mode: (0644/-rw-r--r--)         Uid: (qa_user)  Gid: (qa_user)
From user_ns
  File: "$SCRATCH_MNT/file1"
  Size: 0            Filetype: Regular File
  Mode: (0644/-rw-r--r--)         Uid: (0)  Gid: (0)

*** Remounting ***

From init_user_ns
  File: "$SCRATCH_MNT/file1"
  Size: 0            Filetype: Regular File
  Mode: (0644/-rw-r--r--)         Uid: (qa_user)  Gid: (qa_user)
From user_ns
  File: "$SCRATCH_MNT/file1"
  Size: 0            Filetype: Regular File
  Mode: (0644/-rw-r--r--)         Uid: (0)  Gid: (0)
