QA output created by 319
# file: SCRATCH_MNT/testdir
# owner: root
# group: root
user::rwx
group::r-x
other::r-x
default:user::rwx
default:group::rwx
default:other::---

# file: SCRATCH_MNT/testdir/testsubdir
# owner: root
# group: root
user::rwx
group::rwx
other::---
default:user::rwx
default:group::rwx
default:other::---

