QA output created by 321
fsync new directory
drwxr-xr-x bar
rename fsync test
drwxr-xr-x bar
-rw-r--r-- foo
replay rename fsync test
drwxr-xr-x bar
-rw-r--r-- foo
