QA output created by 322
fsync rename test
ca539970d4b1fa1f34213ba675007381  /mnt/scratch/bar
ca539970d4b1fa1f34213ba675007381  /mnt/scratch/bar
fsync rename test
d34ff04c17ef7068d78d0c4be49cfe57  /mnt/scratch/bar
d34ff04c17ef7068d78d0c4be49cfe57  /mnt/scratch/bar
